# ssu-mask :: mask SSU rRNA alignments
# SSU-ALIGN 0.1.1 (Feb 2016)
# Copyright (C) 2016 Howard Hughes Medical Institute
# Freely distributed under the BSD open source license.
# - - - - - - - - - - - - - - - - - - - - - - - - - - - - - - - - - - - -
# command: ssu-mask -a --stk2afa ../../3-Data_processed/Sequence_alignments/SSU-align/Mask_pf0.95_pt0.95/SSU-align_Spinose/SSU-align_Spinose.eukarya.mask.stk
# date:    Tue May 27 11:45:34 2025

Printing global hask key as read from ssu.pm:

Global hash key: DF_ALIMASK_PFRACT    value: 0.95
Global hash key: DF_ALIMASK_PTHRESH   value: 0.95
Global hash key: DF_CMALIGN_OPTS      value:  --no-null3 --sub 
Global hash key: DF_CMBUILD_GAPTHRESH value: 0.8
Global hash key: DF_CMSEARCH_ALG_FLAG value:  --viterbi
Global hash key: DF_CMSEARCH_OPTS     value:  --hmm-cW 1.5 --no-null3 --noalign 
Global hash key: DF_CMSEARCH_T        value: -1
Global hash key: DF_CM_FILE           value: /usr/local/share/ssu-align-0.1.1/ssu-align-0p1.cm
Global hash key: DF_MASK_FILE         value: /usr/local/share/ssu-align-0.1.1/ssu-align-0p1.mask
Global hash key: DF_MERGE_INIT_WAIT_SECS value: 3
Global hash key: DF_MINBIT            value: 50
Global hash key: DF_MINLEN            value: 1
Global hash key: DF_MXSIZE            value: 4096
Global hash key: DF_NO_NAME           value: <NONE>
Global hash key: DF_TEMPLATE_FILE     value: /usr/local/share/ssu-align-0.1.1/ssu-align-0p1.ps
Global hash key: VERSION              value: 0.1
Global hash key: VERSION_PSTR         value: 0p1
Global hash key: cmalign              value: ssu-cmalign
Global hash key: cmbuild              value: ssu-cmbuild
Global hash key: cmsearch             value: ssu-cmsearch
Global hash key: esl-alimanip         value: ssu-esl-alimanip
Global hash key: esl-alimask          value: ssu-esl-alimask
Global hash key: esl-alimerge         value: ssu-esl-alimerge
Global hash key: esl-alistat          value: ssu-esl-alistat
Global hash key: esl-reformat         value: ssu-esl-reformat
Global hash key: esl-seqstat          value: ssu-esl-seqstat
Global hash key: esl-sfetch           value: ssu-esl-sfetch
Global hash key: esl-ssdraw           value: ssu-esl-ssdraw
Global hash key: esl-weight           value: ssu-esl-weight
Global hash key: ps2pdf               value: ps2pdf
Global hash key: ssu-align            value: ssu-align
Global hash key: ssu-merge            value: ssu-merge

Executing:      ssu-esl-alimask -h > /dev/null  2> ssutmp0erraa72169
Returned:       0
Output (STDOUT) sent to /dev/null.
Output (STDERR): ***NONE***

About to remove file (ssutmp0erraa72169) with perl's unlink function ... done.

Executing:      ssu-esl-alimanip -h > /dev/null  2> ssutmp1erraa72169
Returned:       0
Output (STDOUT) sent to /dev/null.
Output (STDERR): ***NONE***

About to remove file (ssutmp1erraa72169) with perl's unlink function ... done.

Executing:      ssu-esl-ssdraw -h > /dev/null  2> ssutmp2erraa72169
Returned:       0
Output (STDOUT) sent to /dev/null.
Output (STDERR): ***NONE***

About to remove file (ssutmp2erraa72169) with perl's unlink function ... done.

Executing:      ssu-esl-reformat -h > /dev/null  2> ssutmp3erraa72169
Returned:       0
Output (STDOUT) sent to /dev/null.
Output (STDERR): ***NONE***

About to remove file (ssutmp3erraa72169) with perl's unlink function ... done.

Executing:      ssu-esl-reformat -o SSU-align_Spinose.eukarya.mask.afa --small --informat pfam afa ../../3-Data_processed/Sequence_alignments/SSU-align/Mask_pf0.95_pt0.95/SSU-align_Spinose/SSU-align_Spinose.eukarya.mask.stk > ssutmp4outaa72169  2> ssutmp4erraa72169
Returned:       0
Output (STDOUT): ***NONE***
Output (STDERR): ***NONE***

About to remove file (ssutmp4outaa72169) with perl's unlink function ... done.

About to remove file (ssutmp4erraa72169) with perl's unlink function ... done.

Mar 27 mai 2025 11:45:34 CEST
Darwin bdmac19.ens.fr 24.5.0 Darwin Kernel Version 24.5.0: Tue Apr 22 19:54:49 PDT 2025; root:xnu-11417.121.6~2/RELEASE_ARM64_T6000 arm64
# SSU-ALIGN-SUCCESS
